[debug] [2026-03-01T20:10:44.310Z] > command requires scopes: ["email","openid","https://www.googleapis.com/auth/cloudplatformprojects.readonly","https://www.googleapis.com/auth/firebase","https://www.googleapis.com/auth/cloud-platform"]
[debug] [2026-03-01T20:10:44.312Z] > authorizing via signed-in user (amatarazzo@expediagroup.com)
[debug] [2026-03-01T20:10:44.312Z] > command requires scopes: ["email","openid","https://www.googleapis.com/auth/cloudplatformprojects.readonly","https://www.googleapis.com/auth/firebase","https://www.googleapis.com/auth/cloud-platform"]
[debug] [2026-03-01T20:10:44.312Z] > authorizing via signed-in user (amatarazzo@expediagroup.com)
[debug] [2026-03-01T20:10:44.321Z] > command requires scopes: ["email","openid","https://www.googleapis.com/auth/cloudplatformprojects.readonly","https://www.googleapis.com/auth/firebase","https://www.googleapis.com/auth/cloud-platform"]
[debug] [2026-03-01T20:10:44.322Z] > authorizing via signed-in user (amatarazzo@expediagroup.com)
[debug] [2026-03-01T20:10:44.461Z] > command requires scopes: ["email","openid","https://www.googleapis.com/auth/cloudplatformprojects.readonly","https://www.googleapis.com/auth/firebase","https://www.googleapis.com/auth/cloud-platform"]
[debug] [2026-03-01T20:10:44.461Z] > authorizing via signed-in user (amatarazzo@expediagroup.com)
[debug] [2026-03-01T20:10:44.462Z] > command requires scopes: ["email","openid","https://www.googleapis.com/auth/cloudplatformprojects.readonly","https://www.googleapis.com/auth/firebase","https://www.googleapis.com/auth/cloud-platform"]
[debug] [2026-03-01T20:10:44.462Z] > authorizing via signed-in user (amatarazzo@expediagroup.com)
[debug] [2026-03-01T20:10:44.467Z] > command requires scopes: ["email","openid","https://www.googleapis.com/auth/cloudplatformprojects.readonly","https://www.googleapis.com/auth/firebase","https://www.googleapis.com/auth/cloud-platform"]
[debug] [2026-03-01T20:10:44.467Z] > authorizing via signed-in user (amatarazzo@expediagroup.com)
[debug] [2026-03-01T20:10:44.468Z] > command requires scopes: ["email","openid","https://www.googleapis.com/auth/cloudplatformprojects.readonly","https://www.googleapis.com/auth/firebase","https://www.googleapis.com/auth/cloud-platform"]
[debug] [2026-03-01T20:10:44.468Z] > authorizing via signed-in user (amatarazzo@expediagroup.com)
[debug] [2026-03-06T07:05:50.056Z] > command requires scopes: ["email","openid","https://www.googleapis.com/auth/cloudplatformprojects.readonly","https://www.googleapis.com/auth/firebase","https://www.googleapis.com/auth/cloud-platform"]
[debug] [2026-03-06T07:05:50.058Z] > authorizing via signed-in user (amatarazzo@expediagroup.com)
[debug] [2026-03-06T07:05:50.059Z] > command requires scopes: ["email","openid","https://www.googleapis.com/auth/cloudplatformprojects.readonly","https://www.googleapis.com/auth/firebase","https://www.googleapis.com/auth/cloud-platform"]
[debug] [2026-03-06T07:05:50.059Z] > authorizing via signed-in user (amatarazzo@expediagroup.com)
[debug] [2026-03-06T07:05:50.070Z] > command requires scopes: ["email","openid","https://www.googleapis.com/auth/cloudplatformprojects.readonly","https://www.googleapis.com/auth/firebase","https://www.googleapis.com/auth/cloud-platform"]
[debug] [2026-03-06T07:05:50.070Z] > authorizing via signed-in user (amatarazzo@expediagroup.com)
[debug] [2026-03-06T07:05:50.111Z] Checked if tokens are valid: false, expires at: 1772644603882
[debug] [2026-03-06T07:05:50.111Z] Checked if tokens are valid: false, expires at: 1772644603882
[debug] [2026-03-06T07:05:50.111Z] > refreshing access token with scopes: []
[debug] [2026-03-06T07:05:50.112Z] >>> [apiv2][query] POST https://www.googleapis.com/oauth2/v3/token [none]
[debug] [2026-03-06T07:05:50.112Z] >>> [apiv2][body] POST https://www.googleapis.com/oauth2/v3/token [omitted]
[debug] [2026-03-06T07:05:50.114Z] Checked if tokens are valid: false, expires at: 1772644603882
[debug] [2026-03-06T07:05:50.114Z] Checked if tokens are valid: false, expires at: 1772644603882
[debug] [2026-03-06T07:05:50.114Z] > refreshing access token with scopes: []
[debug] [2026-03-06T07:05:50.114Z] >>> [apiv2][query] POST https://www.googleapis.com/oauth2/v3/token [none]
[debug] [2026-03-06T07:05:50.114Z] >>> [apiv2][body] POST https://www.googleapis.com/oauth2/v3/token [omitted]
[debug] [2026-03-06T07:05:50.116Z] Checked if tokens are valid: false, expires at: 1772644603882
[debug] [2026-03-06T07:05:50.116Z] Checked if tokens are valid: false, expires at: 1772644603882
[debug] [2026-03-06T07:05:50.116Z] > refreshing access token with scopes: []
[debug] [2026-03-06T07:05:50.116Z] >>> [apiv2][query] POST https://www.googleapis.com/oauth2/v3/token [none]
[debug] [2026-03-06T07:05:50.116Z] >>> [apiv2][body] POST https://www.googleapis.com/oauth2/v3/token [omitted]
[debug] [2026-03-06T07:05:50.257Z] <<< [apiv2][status] POST https://www.googleapis.com/oauth2/v3/token 200
[debug] [2026-03-06T07:05:50.258Z] <<< [apiv2][body] POST https://www.googleapis.com/oauth2/v3/token [omitted]
[debug] [2026-03-06T07:05:50.280Z] >>> [apiv2][query] GET https://serviceusage.googleapis.com/v1/projects//services/firebaseappdistribution.googleapis.com [none]
[debug] [2026-03-06T07:05:50.280Z] >>> [apiv2][(partial)header] GET https://serviceusage.googleapis.com/v1/projects//services/firebaseappdistribution.googleapis.com x-goog-quota-user=projects/
[debug] [2026-03-06T07:05:50.282Z] <<< [apiv2][status] POST https://www.googleapis.com/oauth2/v3/token 200
[debug] [2026-03-06T07:05:50.282Z] <<< [apiv2][body] POST https://www.googleapis.com/oauth2/v3/token [omitted]
[debug] [2026-03-06T07:05:50.305Z] >>> [apiv2][query] GET https://serviceusage.googleapis.com/v1/projects//services/firebaseappdistribution.googleapis.com [none]
[debug] [2026-03-06T07:05:50.305Z] >>> [apiv2][(partial)header] GET https://serviceusage.googleapis.com/v1/projects//services/firebaseappdistribution.googleapis.com x-goog-quota-user=projects/
[debug] [2026-03-06T07:05:50.306Z] <<< [apiv2][status] POST https://www.googleapis.com/oauth2/v3/token 200
[debug] [2026-03-06T07:05:50.306Z] <<< [apiv2][body] POST https://www.googleapis.com/oauth2/v3/token [omitted]
[debug] [2026-03-06T07:05:50.324Z] >>> [apiv2][query] GET https://serviceusage.googleapis.com/v1/projects//services/firebaseappdistribution.googleapis.com [none]
[debug] [2026-03-06T07:05:50.324Z] >>> [apiv2][(partial)header] GET https://serviceusage.googleapis.com/v1/projects//services/firebaseappdistribution.googleapis.com x-goog-quota-user=projects/
[debug] [2026-03-06T07:05:51.083Z] <<< [apiv2][status] GET https://serviceusage.googleapis.com/v1/projects//services/firebaseappdistribution.googleapis.com 400
[debug] [2026-03-06T07:05:51.083Z] <<< [apiv2][body] GET https://serviceusage.googleapis.com/v1/projects//services/firebaseappdistribution.googleapis.com [omitted]
[debug] [2026-03-06T07:05:51.086Z] <<< [apiv2][status] GET https://serviceusage.googleapis.com/v1/projects//services/firebaseappdistribution.googleapis.com 400
[debug] [2026-03-06T07:05:51.086Z] <<< [apiv2][body] GET https://serviceusage.googleapis.com/v1/projects//services/firebaseappdistribution.googleapis.com [omitted]
[debug] [2026-03-06T07:05:51.089Z] <<< [apiv2][status] GET https://serviceusage.googleapis.com/v1/projects//services/firebaseappdistribution.googleapis.com 400
[debug] [2026-03-06T07:05:51.089Z] <<< [apiv2][body] GET https://serviceusage.googleapis.com/v1/projects//services/firebaseappdistribution.googleapis.com [omitted]
[debug] [2026-03-06T07:05:51.120Z] > command requires scopes: ["email","openid","https://www.googleapis.com/auth/cloudplatformprojects.readonly","https://www.googleapis.com/auth/firebase","https://www.googleapis.com/auth/cloud-platform"]
[debug] [2026-03-06T07:05:51.120Z] > authorizing via signed-in user (amatarazzo@expediagroup.com)
[debug] [2026-03-06T07:05:51.121Z] > command requires scopes: ["email","openid","https://www.googleapis.com/auth/cloudplatformprojects.readonly","https://www.googleapis.com/auth/firebase","https://www.googleapis.com/auth/cloud-platform"]
[debug] [2026-03-06T07:05:51.121Z] > authorizing via signed-in user (amatarazzo@expediagroup.com)
[debug] [2026-03-06T07:05:51.125Z] > command requires scopes: ["email","openid","https://www.googleapis.com/auth/cloudplatformprojects.readonly","https://www.googleapis.com/auth/firebase","https://www.googleapis.com/auth/cloud-platform"]
[debug] [2026-03-06T07:05:51.125Z] > authorizing via signed-in user (amatarazzo@expediagroup.com)
[debug] [2026-03-06T07:05:51.125Z] > command requires scopes: ["email","openid","https://www.googleapis.com/auth/cloudplatformprojects.readonly","https://www.googleapis.com/auth/firebase","https://www.googleapis.com/auth/cloud-platform"]
[debug] [2026-03-06T07:05:51.126Z] > authorizing via signed-in user (amatarazzo@expediagroup.com)
[debug] [2026-03-06T20:30:30.027Z] > command requires scopes: ["email","openid","https://www.googleapis.com/auth/cloudplatformprojects.readonly","https://www.googleapis.com/auth/firebase","https://www.googleapis.com/auth/cloud-platform"]
[debug] [2026-03-06T20:30:30.040Z] > authorizing via signed-in user (amatarazzo@expediagroup.com)
[debug] [2026-03-06T20:30:30.040Z] > command requires scopes: ["email","openid","https://www.googleapis.com/auth/cloudplatformprojects.readonly","https://www.googleapis.com/auth/firebase","https://www.googleapis.com/auth/cloud-platform"]
[debug] [2026-03-06T20:30:30.043Z] > authorizing via signed-in user (amatarazzo@expediagroup.com)
[debug] [2026-03-06T20:30:30.107Z] > command requires scopes: ["email","openid","https://www.googleapis.com/auth/cloudplatformprojects.readonly","https://www.googleapis.com/auth/firebase","https://www.googleapis.com/auth/cloud-platform"]
[debug] [2026-03-06T20:30:30.107Z] > authorizing via signed-in user (amatarazzo@expediagroup.com)
[debug] [2026-03-06T20:30:30.172Z] Checked if tokens are valid: true, expires at: 1772832135956
[debug] [2026-03-06T20:30:30.172Z] Checked if tokens are valid: true, expires at: 1772832135956
[debug] [2026-03-06T20:30:30.172Z] >>> [apiv2][query] GET https://serviceusage.googleapis.com/v1/projects//services/firebaseappdistribution.googleapis.com [none]
[debug] [2026-03-06T20:30:30.172Z] >>> [apiv2][(partial)header] GET https://serviceusage.googleapis.com/v1/projects//services/firebaseappdistribution.googleapis.com x-goog-quota-user=projects/
[debug] [2026-03-06T20:30:30.174Z] Checked if tokens are valid: true, expires at: 1772832135956
[debug] [2026-03-06T20:30:30.174Z] Checked if tokens are valid: true, expires at: 1772832135956
[debug] [2026-03-06T20:30:30.174Z] >>> [apiv2][query] GET https://serviceusage.googleapis.com/v1/projects//services/firebaseappdistribution.googleapis.com [none]
[debug] [2026-03-06T20:30:30.174Z] >>> [apiv2][(partial)header] GET https://serviceusage.googleapis.com/v1/projects//services/firebaseappdistribution.googleapis.com x-goog-quota-user=projects/
[debug] [2026-03-06T20:30:30.177Z] Checked if tokens are valid: true, expires at: 1772832135956
[debug] [2026-03-06T20:30:30.177Z] Checked if tokens are valid: true, expires at: 1772832135956
[debug] [2026-03-06T20:30:30.177Z] >>> [apiv2][query] GET https://serviceusage.googleapis.com/v1/projects//services/firebaseappdistribution.googleapis.com [none]
[debug] [2026-03-06T20:30:30.177Z] >>> [apiv2][(partial)header] GET https://serviceusage.googleapis.com/v1/projects//services/firebaseappdistribution.googleapis.com x-goog-quota-user=projects/
[debug] [2026-03-06T20:30:30.963Z] <<< [apiv2][status] GET https://serviceusage.googleapis.com/v1/projects//services/firebaseappdistribution.googleapis.com 400
[debug] [2026-03-06T20:30:30.964Z] <<< [apiv2][body] GET https://serviceusage.googleapis.com/v1/projects//services/firebaseappdistribution.googleapis.com [omitted]
[debug] [2026-03-06T20:30:30.972Z] <<< [apiv2][status] GET https://serviceusage.googleapis.com/v1/projects//services/firebaseappdistribution.googleapis.com 400
[debug] [2026-03-06T20:30:30.972Z] <<< [apiv2][body] GET https://serviceusage.googleapis.com/v1/projects//services/firebaseappdistribution.googleapis.com [omitted]
[debug] [2026-03-06T20:30:30.998Z] <<< [apiv2][status] GET https://serviceusage.googleapis.com/v1/projects//services/firebaseappdistribution.googleapis.com 400
[debug] [2026-03-06T20:30:30.998Z] <<< [apiv2][body] GET https://serviceusage.googleapis.com/v1/projects//services/firebaseappdistribution.googleapis.com [omitted]
[debug] [2026-03-06T20:30:31.013Z] > command requires scopes: ["email","openid","https://www.googleapis.com/auth/cloudplatformprojects.readonly","https://www.googleapis.com/auth/firebase","https://www.googleapis.com/auth/cloud-platform"]
[debug] [2026-03-06T20:30:31.013Z] > authorizing via signed-in user (amatarazzo@expediagroup.com)
[debug] [2026-03-06T20:30:31.014Z] > command requires scopes: ["email","openid","https://www.googleapis.com/auth/cloudplatformprojects.readonly","https://www.googleapis.com/auth/firebase","https://www.googleapis.com/auth/cloud-platform"]
[debug] [2026-03-06T20:30:31.014Z] > authorizing via signed-in user (amatarazzo@expediagroup.com)
[debug] [2026-03-06T20:30:31.111Z] > command requires scopes: ["email","openid","https://www.googleapis.com/auth/cloudplatformprojects.readonly","https://www.googleapis.com/auth/firebase","https://www.googleapis.com/auth/cloud-platform"]
[debug] [2026-03-06T20:30:31.111Z] > authorizing via signed-in user (amatarazzo@expediagroup.com)
[debug] [2026-03-06T20:30:31.112Z] > command requires scopes: ["email","openid","https://www.googleapis.com/auth/cloudplatformprojects.readonly","https://www.googleapis.com/auth/firebase","https://www.googleapis.com/auth/cloud-platform"]
[debug] [2026-03-06T20:30:31.112Z] > authorizing via signed-in user (amatarazzo@expediagroup.com)
[debug] [2026-03-06T20:31:32.956Z] > command requires scopes: ["email","openid","https://www.googleapis.com/auth/cloudplatformprojects.readonly","https://www.googleapis.com/auth/firebase","https://www.googleapis.com/auth/cloud-platform"]
[debug] [2026-03-06T20:31:32.958Z] > authorizing via signed-in user (amatarazzo@expediagroup.com)
[debug] [2026-03-06T20:31:32.958Z] > command requires scopes: ["email","openid","https://www.googleapis.com/auth/cloudplatformprojects.readonly","https://www.googleapis.com/auth/firebase","https://www.googleapis.com/auth/cloud-platform"]
[debug] [2026-03-06T20:31:32.958Z] > authorizing via signed-in user (amatarazzo@expediagroup.com)
[debug] [2026-03-06T20:31:32.968Z] > command requires scopes: ["email","openid","https://www.googleapis.com/auth/cloudplatformprojects.readonly","https://www.googleapis.com/auth/firebase","https://www.googleapis.com/auth/cloud-platform"]
[debug] [2026-03-06T20:31:32.968Z] > authorizing via signed-in user (amatarazzo@expediagroup.com)
[debug] [2026-03-06T20:31:32.992Z] Checked if tokens are valid: true, expires at: 1772832135956
[debug] [2026-03-06T20:31:32.993Z] Checked if tokens are valid: true, expires at: 1772832135956
[debug] [2026-03-06T20:31:32.993Z] >>> [apiv2][query] GET https://serviceusage.googleapis.com/v1/projects//services/firebaseappdistribution.googleapis.com [none]
[debug] [2026-03-06T20:31:32.993Z] >>> [apiv2][(partial)header] GET https://serviceusage.googleapis.com/v1/projects//services/firebaseappdistribution.googleapis.com x-goog-quota-user=projects/
[debug] [2026-03-06T20:31:32.995Z] Checked if tokens are valid: true, expires at: 1772832135956
[debug] [2026-03-06T20:31:32.995Z] Checked if tokens are valid: true, expires at: 1772832135956
[debug] [2026-03-06T20:31:32.995Z] >>> [apiv2][query] GET https://serviceusage.googleapis.com/v1/projects//services/firebaseappdistribution.googleapis.com [none]
[debug] [2026-03-06T20:31:32.995Z] >>> [apiv2][(partial)header] GET https://serviceusage.googleapis.com/v1/projects//services/firebaseappdistribution.googleapis.com x-goog-quota-user=projects/
[debug] [2026-03-06T20:31:32.996Z] Checked if tokens are valid: true, expires at: 1772832135956
[debug] [2026-03-06T20:31:32.996Z] Checked if tokens are valid: true, expires at: 1772832135956
[debug] [2026-03-06T20:31:32.997Z] >>> [apiv2][query] GET https://serviceusage.googleapis.com/v1/projects//services/firebaseappdistribution.googleapis.com [none]
[debug] [2026-03-06T20:31:32.997Z] >>> [apiv2][(partial)header] GET https://serviceusage.googleapis.com/v1/projects//services/firebaseappdistribution.googleapis.com x-goog-quota-user=projects/
[debug] [2026-03-06T20:31:33.744Z] <<< [apiv2][status] GET https://serviceusage.googleapis.com/v1/projects//services/firebaseappdistribution.googleapis.com 400
[debug] [2026-03-06T20:31:33.744Z] <<< [apiv2][body] GET https://serviceusage.googleapis.com/v1/projects//services/firebaseappdistribution.googleapis.com [omitted]
[debug] [2026-03-06T20:31:33.747Z] <<< [apiv2][status] GET https://serviceusage.googleapis.com/v1/projects//services/firebaseappdistribution.googleapis.com 400
[debug] [2026-03-06T20:31:33.747Z] <<< [apiv2][body] GET https://serviceusage.googleapis.com/v1/projects//services/firebaseappdistribution.googleapis.com [omitted]
[debug] [2026-03-06T20:31:33.756Z] <<< [apiv2][status] GET https://serviceusage.googleapis.com/v1/projects//services/firebaseappdistribution.googleapis.com 400
[debug] [2026-03-06T20:31:33.756Z] <<< [apiv2][body] GET https://serviceusage.googleapis.com/v1/projects//services/firebaseappdistribution.googleapis.com [omitted]
[debug] [2026-03-06T20:31:33.783Z] > command requires scopes: ["email","openid","https://www.googleapis.com/auth/cloudplatformprojects.readonly","https://www.googleapis.com/auth/firebase","https://www.googleapis.com/auth/cloud-platform"]
[debug] [2026-03-06T20:31:33.783Z] > authorizing via signed-in user (amatarazzo@expediagroup.com)
[debug] [2026-03-06T20:31:33.784Z] > command requires scopes: ["email","openid","https://www.googleapis.com/auth/cloudplatformprojects.readonly","https://www.googleapis.com/auth/firebase","https://www.googleapis.com/auth/cloud-platform"]
[debug] [2026-03-06T20:31:33.784Z] > authorizing via signed-in user (amatarazzo@expediagroup.com)
[debug] [2026-03-06T20:31:33.785Z] > command requires scopes: ["email","openid","https://www.googleapis.com/auth/cloudplatformprojects.readonly","https://www.googleapis.com/auth/firebase","https://www.googleapis.com/auth/cloud-platform"]
[debug] [2026-03-06T20:31:33.786Z] > authorizing via signed-in user (amatarazzo@expediagroup.com)
[debug] [2026-03-06T20:31:33.786Z] > command requires scopes: ["email","openid","https://www.googleapis.com/auth/cloudplatformprojects.readonly","https://www.googleapis.com/auth/firebase","https://www.googleapis.com/auth/cloud-platform"]
[debug] [2026-03-06T20:31:33.786Z] > authorizing via signed-in user (amatarazzo@expediagroup.com)
[debug] [2026-03-06T20:36:53.825Z] > command requires scopes: ["email","openid","https://www.googleapis.com/auth/cloudplatformprojects.readonly","https://www.googleapis.com/auth/firebase","https://www.googleapis.com/auth/cloud-platform"]
[debug] [2026-03-06T20:36:53.828Z] > authorizing via signed-in user (amatarazzo@expediagroup.com)
[debug] [2026-03-06T20:36:53.828Z] > command requires scopes: ["email","openid","https://www.googleapis.com/auth/cloudplatformprojects.readonly","https://www.googleapis.com/auth/firebase","https://www.googleapis.com/auth/cloud-platform"]
[debug] [2026-03-06T20:36:53.829Z] > authorizing via signed-in user (amatarazzo@expediagroup.com)
[debug] [2026-03-06T20:36:53.860Z] > command requires scopes: ["email","openid","https://www.googleapis.com/auth/cloudplatformprojects.readonly","https://www.googleapis.com/auth/firebase","https://www.googleapis.com/auth/cloud-platform"]
[debug] [2026-03-06T20:36:53.860Z] > authorizing via signed-in user (amatarazzo@expediagroup.com)
[debug] [2026-03-06T20:36:53.919Z] Checked if tokens are valid: true, expires at: 1772832135956
[debug] [2026-03-06T20:36:53.920Z] Checked if tokens are valid: true, expires at: 1772832135956
[debug] [2026-03-06T20:36:53.921Z] >>> [apiv2][query] GET https://serviceusage.googleapis.com/v1/projects//services/firebaseappdistribution.googleapis.com [none]
[debug] [2026-03-06T20:36:53.921Z] >>> [apiv2][(partial)header] GET https://serviceusage.googleapis.com/v1/projects//services/firebaseappdistribution.googleapis.com x-goog-quota-user=projects/
[debug] [2026-03-06T20:36:53.923Z] Checked if tokens are valid: true, expires at: 1772832135956
[debug] [2026-03-06T20:36:53.923Z] Checked if tokens are valid: true, expires at: 1772832135956
[debug] [2026-03-06T20:36:53.923Z] >>> [apiv2][query] GET https://serviceusage.googleapis.com/v1/projects//services/firebaseappdistribution.googleapis.com [none]
[debug] [2026-03-06T20:36:53.923Z] >>> [apiv2][(partial)header] GET https://serviceusage.googleapis.com/v1/projects//services/firebaseappdistribution.googleapis.com x-goog-quota-user=projects/
[debug] [2026-03-06T20:36:53.927Z] Checked if tokens are valid: true, expires at: 1772832135956
[debug] [2026-03-06T20:36:53.927Z] Checked if tokens are valid: true, expires at: 1772832135956
[debug] [2026-03-06T20:36:53.927Z] >>> [apiv2][query] GET https://serviceusage.googleapis.com/v1/projects//services/firebaseappdistribution.googleapis.com [none]
[debug] [2026-03-06T20:36:53.927Z] >>> [apiv2][(partial)header] GET https://serviceusage.googleapis.com/v1/projects//services/firebaseappdistribution.googleapis.com x-goog-quota-user=projects/
[debug] [2026-03-06T20:36:54.713Z] <<< [apiv2][status] GET https://serviceusage.googleapis.com/v1/projects//services/firebaseappdistribution.googleapis.com 400
[debug] [2026-03-06T20:36:54.714Z] <<< [apiv2][body] GET https://serviceusage.googleapis.com/v1/projects//services/firebaseappdistribution.googleapis.com [omitted]
[debug] [2026-03-06T20:36:54.716Z] <<< [apiv2][status] GET https://serviceusage.googleapis.com/v1/projects//services/firebaseappdistribution.googleapis.com 400
[debug] [2026-03-06T20:36:54.716Z] <<< [apiv2][body] GET https://serviceusage.googleapis.com/v1/projects//services/firebaseappdistribution.googleapis.com [omitted]
[debug] [2026-03-06T20:36:54.724Z] <<< [apiv2][status] GET https://serviceusage.googleapis.com/v1/projects//services/firebaseappdistribution.googleapis.com 400
[debug] [2026-03-06T20:36:54.724Z] <<< [apiv2][body] GET https://serviceusage.googleapis.com/v1/projects//services/firebaseappdistribution.googleapis.com [omitted]
[debug] [2026-03-06T20:36:54.749Z] > command requires scopes: ["email","openid","https://www.googleapis.com/auth/cloudplatformprojects.readonly","https://www.googleapis.com/auth/firebase","https://www.googleapis.com/auth/cloud-platform"]
[debug] [2026-03-06T20:36:54.749Z] > authorizing via signed-in user (amatarazzo@expediagroup.com)
[debug] [2026-03-06T20:36:54.750Z] > command requires scopes: ["email","openid","https://www.googleapis.com/auth/cloudplatformprojects.readonly","https://www.googleapis.com/auth/firebase","https://www.googleapis.com/auth/cloud-platform"]
[debug] [2026-03-06T20:36:54.750Z] > authorizing via signed-in user (amatarazzo@expediagroup.com)
[debug] [2026-03-06T20:36:54.762Z] > command requires scopes: ["email","openid","https://www.googleapis.com/auth/cloudplatformprojects.readonly","https://www.googleapis.com/auth/firebase","https://www.googleapis.com/auth/cloud-platform"]
[debug] [2026-03-06T20:36:54.762Z] > authorizing via signed-in user (amatarazzo@expediagroup.com)
[debug] [2026-03-06T20:36:54.762Z] > command requires scopes: ["email","openid","https://www.googleapis.com/auth/cloudplatformprojects.readonly","https://www.googleapis.com/auth/firebase","https://www.googleapis.com/auth/cloud-platform"]
[debug] [2026-03-06T20:36:54.762Z] > authorizing via signed-in user (amatarazzo@expediagroup.com)
